[    2134ms] [LOG] Navigation listeners online @ https://www.redditstatic.com/shreddit/zh-CN/CUHzMa193A.js:0
[    3444ms] [WARNING] [GSI_LOGGER]: Your client application uses one of the Google One Tap prompt UI status methods that may stop functioning when FedCM becomes mandatory. Refer to the migration guide to update your code accordingly and opt-in to FedCM to test your changes. Learn more: https://developers.google.com/identity/gsi/web/guides/fedcm-migration?s=dc#display_moment and https://developers.google.com/identity/gsi/web/guides/fedcm-migration?s=dc#skipped_moment @ https://accounts.google.com/gsi/client:84
[    6878ms] [WARNING] <meta name="apple-mobile-web-app-capable" content="yes"> is deprecated. Please include <meta name="mobile-web-app-capable" content="yes"> @ https://www.reddit.com/r/bevelhealth/?solution=8105cae098fcdccc8105cae098fcdccc&js_challenge=1&token=bbbe4bf1c9a2b5160829c4be34da5861aa2b6d25fe6fc7581cc8fcd5c67fc14e&jsc_orig_r=:0
[    7539ms] [INFO] Banner not shown: beforeinstallpromptevent.preventDefault() called. The page must call beforeinstallpromptevent.prompt() to show the banner. @ https://www.reddit.com/r/bevelhealth/?solution=8105cae098fcdccc8105cae098fcdccc&js_challenge=1&token=bbbe4bf1c9a2b5160829c4be34da5861aa2b6d25fe6fc7581cc8fcd5c67fc14e&jsc_orig_r=:0
[   11572ms] [LOG] Navigation listeners online @ https://www.redditstatic.com/shreddit/zh-CN/BeE0y9lnHa.js:0
[   12042ms] [LOG] [VideoTabs] Script loaded @ https://www.bevel.health/zh:757
[   12050ms] [LOG] Found 3 phone videos, 3 watch videos @ https://www.bevel.health/zh:552
[   12050ms] [LOG] Created 3 pairs @ https://www.bevel.health/zh:564
[   12050ms] [LOG] Playing pair 0: [hero_phone-video cc-1, hero_watch-video cc-1] @ https://www.bevel.health/zh:578
[   12050ms] [LOG]   Waiting for hero_phone-video cc-1 to load... @ https://www.bevel.health/zh:619
[   12050ms] [LOG]   Waiting for hero_watch-video cc-1 to load... @ https://www.bevel.health/zh:619
[   12108ms] [WARNING] [Meta Pixel] - Duplicate Pixel ID: 674879451265800. @ https://connect.facebook.net/en_US/fbevents.js:181
[   12111ms] ReferenceError: singularSdk is not defined
    at <anonymous>:1:13
    at <anonymous>:1:273
    at https://www.googletagmanager.com/gtm.js?id=GTM-PNXG37DC:831:429
    at cS (https://www.googletagmanager.com/gtm.js?id=GTM-PNXG37DC:833:31)
    at Md.bS (https://www.googletagmanager.com/gtm.js?id=GTM-PNXG37DC:830:92)
    at Md.<anonymous> (https://www.googletagmanager.com/gtm.js?id=GTM-PNXG37DC:274:187)
    at k.apply (https://www.googletagmanager.com/gtm.js?id=GTM-PNXG37DC:200:466)
    at gb (https://www.googletagmanager.com/gtm.js?id=GTM-PNXG37DC:163:719)
    at fb (https://www.googletagmanager.com/gtm.js?id=GTM-PNXG37DC:163:470)
    at Md.<anonymous> (https://www.googletagmanager.com/gtm.js?id=GTM-PNXG37DC:224:473)
[   12126ms] [LOG]   hero_phone-video cc-1 playing @ https://www.bevel.health/zh:612
[   12126ms] [LOG]   hero_watch-video cc-1 playing @ https://www.bevel.health/zh:612
[   13426ms] [WARNING] [TikTok Pixel] - Missing 'content_id' paramter
Issue: The 'content_id' parameter isn't being received. This is required for Video Shopping Ads (VSA).
Suggestion: Include the 'content_id' parameter in your source code. This is required for Video Shopping Ads (VSA). See https://ads.tiktok.com/help/article/standard-events-parameters?redirected=2 for more information. @ https://analytics.tiktok.com/i18n/pixel/static/main.MWJkOTJmOWRkOQ.js:0
[   14734ms] [LOG] Navigation listeners online @ https://www.redditstatic.com/shreddit/zh-CN/CUHzMa193A.js:0
[   19992ms] [WARNING] <meta name="apple-mobile-web-app-capable" content="yes"> is deprecated. Please include <meta name="mobile-web-app-capable" content="yes"> @ https://www.reddit.com/r/bevelhealth/?solution=8105cae098fcdccc8105cae098fcdccc&js_challenge=1&token=bbbe4bf1c9a2b5160829c4be34da5861aa2b6d25fe6fc7581cc8fcd5c67fc14e&jsc_orig_r=:0
[   19994ms] [INFO] Banner not shown: beforeinstallpromptevent.preventDefault() called. The page must call beforeinstallpromptevent.prompt() to show the banner. @ https://www.reddit.com/r/bevelhealth/?solution=8105cae098fcdccc8105cae098fcdccc&js_challenge=1&token=bbbe4bf1c9a2b5160829c4be34da5861aa2b6d25fe6fc7581cc8fcd5c67fc14e&jsc_orig_r=:0
