[    8043ms] [LOG] [VideoTabs] Script loaded @ https://www.bevel.health/zh:757
[    8047ms] [LOG] Found 3 phone videos, 3 watch videos @ https://www.bevel.health/zh:552
[    8047ms] [LOG] Created 3 pairs @ https://www.bevel.health/zh:564
[    8048ms] [LOG] Playing pair 0: [hero_phone-video cc-1, hero_watch-video cc-1] @ https://www.bevel.health/zh:578
[    8048ms] [LOG]   Waiting for hero_phone-video cc-1 to load... @ https://www.bevel.health/zh:619
[    8049ms] [LOG]   Waiting for hero_watch-video cc-1 to load... @ https://www.bevel.health/zh:619
[   10213ms] [ERROR] Failed to load resource: net::ERR_CONNECTION_RESET @ https://pixel-config.reddit.com/pixels/a2_hvv1euzu4p85/config:0
[   19071ms] [LOG]   hero_watch-video cc-1 playing @ https://www.bevel.health/zh:612
[   19156ms] ReferenceError: singularSdk is not defined
    at <anonymous>:1:13
    at <anonymous>:1:273
    at https://www.googletagmanager.com/gtm.js?id=GTM-PNXG37DC:831:429
    at cS (https://www.googletagmanager.com/gtm.js?id=GTM-PNXG37DC:833:31)
    at Md.bS (https://www.googletagmanager.com/gtm.js?id=GTM-PNXG37DC:830:92)
    at Md.<anonymous> (https://www.googletagmanager.com/gtm.js?id=GTM-PNXG37DC:274:187)
    at k.apply (https://www.googletagmanager.com/gtm.js?id=GTM-PNXG37DC:200:466)
    at gb (https://www.googletagmanager.com/gtm.js?id=GTM-PNXG37DC:163:719)
    at fb (https://www.googletagmanager.com/gtm.js?id=GTM-PNXG37DC:163:470)
    at Md.<anonymous> (https://www.googletagmanager.com/gtm.js?id=GTM-PNXG37DC:224:473)
[   19409ms] [ERROR] Failed to load resource: net::ERR_CONNECTION_RESET @ https://alb.reddit.com/rp.gif?ts=1779354880406&id=a2_hvv1euzu4p85&event=PageVisit&m.itemCount=&m.value=&m.valueDecimal=&m.currency=&m.transactionId=&m.customEventName=&m.products=&m.conversionId=&uuid=a6f79f41-81d9-41fc-a6ee-a3fe406ddff7&aaid=&external_id=&idfa=&integration=reddit&partner=&partner_version=&opt_out=0&sh=1470&sw=956&v=rdt_47ad39b8&dpm=&dpcc=&dprc=:0
[   24910ms] [LOG]   hero_watch-video cc-1 finished (1/2) @ https://www.bevel.health/zh:598
[   31521ms] [WARNING] [Meta Pixel] - Duplicate Pixel ID: 674879451265800. @ https://connect.facebook.net/en_US/fbevents.js:181
[   31740ms] [ERROR] Failed to load resource: net::ERR_CONNECTION_RESET @ https://www.facebook.com/tr/?id=674879451265800&ev=PageView&dl=https%3A%2F%2Fwww.bevel.health%2Fzh&rl=&if=false&ts=1779354902135&sw=1470&sh=956&v=2.9.324&r=stable&a=plwebflow&ec=0&o=4126&fbp=fb.1.1779354902130.18215709997461480&eid=ob3_plugin-set_d2a19fc3a81182167a280ec1e91a2b2f7f01e98dd7af774217c7af3e6db7bbe5&cs_est=true&ler=empty&cdl=API_unavailable&pmd[title]=Bevel%20-%20The%20Connected%20Health%20Coach&pmd[locale]=zh&pmd[description]=Bevel%20is%20the%20connected%20health%20coach%20that%20turns%20your%20wearables%2C%20bloodwork%2C%20and%20lifestyle%20into%20personalized%20recommendations.&plt=7991.799999982119&tz=480&it=1779354895612&coo=false&ap[currency]=USD&ap[contents]=%5B%7B%22item_price%22%3A0%2C%22availability%22%3A%22InStock%22%7D%5D&cf=1&expv2[0]=pl0&expv2[1]=el2&expv2[2]=bc1&expv2[3]=ra2&expv2[4]=rp2&expv2[5]=im0&expv2[6]=hf0&rqm=GET:0
[   32268ms] [ERROR] Failed to load resource: net::ERR_CONNECTION_RESET @ https://www.facebook.com/privacy_sandbox/pixel/register/trigger/?id=674879451265800&ev=PageView&dl=https%3A%2F%2Fwww.bevel.health%2Fzh&rl=&if=false&ts=1779354902135&sw=1470&sh=956&v=2.9.324&r=stable&a=plwebflow&ec=0&o=4126&fbp=fb.1.1779354902130.18215709997461480&eid=ob3_plugin-set_d2a19fc3a81182167a280ec1e91a2b2f7f01e98dd7af774217c7af3e6db7bbe5&cs_est=true&ler=empty&cdl=API_unavailable&pmd[title]=Bevel%20-%20The%20Connected%20Health%20Coach&pmd[locale]=zh&pmd[description]=Bevel%20is%20the%20connected%20health%20coach%20that%20turns%20your%20wearables%2C%20bloodwork%2C%20and%20lifestyle%20into%20personalized%20recommendations.&plt=7991.799999982119&tz=480&it=1779354895612&coo=false&ap[currency]=USD&ap[contents]=%5B%7B%22item_price%22%3A0%2C%22availability%22%3A%22InStock%22%7D%5D&cf=1&expv2[0]=pl0&expv2[1]=el2&expv2[2]=bc1&expv2[3]=ra2&expv2[4]=rp2&expv2[5]=im0&expv2[6]=hf0&rqm=FGET:0
[   83958ms] [ERROR] Failed to load resource: net::ERR_CONNECTION_TIMED_OUT @ https://analytics.tiktok.com/i18n/pixel/events.js?sdkid=CSVNQVJC77UF2P29S9K0&lib=ttq:0
[   83972ms] [LOG] [VideoTabs] Window loaded @ https://www.bevel.health/zh:760
[   83972ms] [LOG] [VideoTabs] Tabs: 9 | Media panels: 9 @ https://www.bevel.health/zh:790
[   83972ms] [LOG] [VideoTabs] Init complete — waiting for scroll into view ✓ @ https://www.bevel.health/zh:1037
[   83978ms] [LOG] [VideoTabs] Out of view @ https://www.bevel.health/zh:1023
